Archive member included to satisfy reference by file (symbol)

c:/atmel/studio/7.0/toolchain/avr8/avr8-gnu-toolchain/bin/../lib/gcc/avr/5.4.0/avr4\libgcc.a(_udivmodhi4.o)
                              tm1637/TM1637.o (__udivmodhi4)
c:/atmel/studio/7.0/toolchain/avr8/avr8-gnu-toolchain/bin/../lib/gcc/avr/5.4.0/avr4\libgcc.a(_exit.o)
                              C:/Atmel/Studio/7.0/Packs/atmel/ATmega_DFP/1.6.364/gcc/dev/atmega8/avr4/crtatmega8.o (exit)
c:/atmel/studio/7.0/toolchain/avr8/avr8-gnu-toolchain/bin/../lib/gcc/avr/5.4.0/avr4\libgcc.a(_copy_data.o)
                              control_tm1637/control_tm1637.o (__do_copy_data)
c:/atmel/studio/7.0/toolchain/avr8/avr8-gnu-toolchain/bin/../lib/gcc/avr/5.4.0/avr4\libgcc.a(_clear_bss.o)
                              control_tm1637/control_tm1637.o (__do_clear_bss)

Allocating common symbols
Common symbol       size              file

TM1637_brightness_reg
                    0x1               control_tm1637/control_tm1637.o

Discarded input sections

 .data          0x00000000        0x0 C:/Atmel/Studio/7.0/Packs/atmel/ATmega_DFP/1.6.364/gcc/dev/atmega8/avr4/crtatmega8.o
 .bss           0x00000000        0x0 C:/Atmel/Studio/7.0/Packs/atmel/ATmega_DFP/1.6.364/gcc/dev/atmega8/avr4/crtatmega8.o
 .text          0x00000000        0x0 control_tm1637/control_tm1637.o
 .data          0x00000000        0x0 control_tm1637/control_tm1637.o
 .bss           0x00000000        0x0 control_tm1637/control_tm1637.o
 .text          0x00000000        0x0 ds1307/ds1307.o
 .data          0x00000000        0x0 ds1307/ds1307.o
 .bss           0x00000000        0x0 ds1307/ds1307.o
 .text          0x00000000        0x0 EEPROM/eeprom.o
 .data          0x00000000        0x0 EEPROM/eeprom.o
 .bss           0x00000000        0x0 EEPROM/eeprom.o
 .text          0x00000000        0x0 main.o
 .data          0x00000000        0x0 main.o
 .bss           0x00000000        0x0 main.o
 .text.activate_sleep_mode
                0x00000000       0x1e main.o
 .text          0x00000000        0x0 menu/menu.o
 .data          0x00000000        0x0 menu/menu.o
 .bss           0x00000000        0x0 menu/menu.o
 .text          0x00000000        0x0 myTime/myTime.o
 .data          0x00000000        0x0 myTime/myTime.o
 .bss           0x00000000        0x0 myTime/myTime.o
 .text.control_seconds
                0x00000000       0x16 myTime/myTime.o
 .text.control_min
                0x00000000       0x16 myTime/myTime.o
 .text.control_hour
                0x00000000       0x24 myTime/myTime.o
 .debug_info    0x00000000      0x158 myTime/myTime.o
 .debug_abbrev  0x00000000       0x8b myTime/myTime.o
 .debug_loc     0x00000000       0x28 myTime/myTime.o
 .debug_aranges
                0x00000000       0x30 myTime/myTime.o
 .debug_ranges  0x00000000       0x20 myTime/myTime.o
 .debug_line    0x00000000      0x120 myTime/myTime.o
 .debug_str     0x00000000      0x1ee myTime/myTime.o
 .comment       0x00000000       0x31 myTime/myTime.o
 .debug_frame   0x00000000       0x44 myTime/myTime.o
 .text          0x00000000        0x0 tm1637/TM1637.o
 .data          0x00000000        0x0 tm1637/TM1637.o
 .bss           0x00000000        0x0 tm1637/TM1637.o
 .text.TM1637_turnOnOff
                0x00000000       0xdc tm1637/TM1637.o
 .text.TM1637_turnOn
                0x00000000       0xd2 tm1637/TM1637.o
 .text.TM1637_turnOff
                0x00000000       0xd0 tm1637/TM1637.o
 .text.TM1637_setBrightness
                0x00000000       0xd4 tm1637/TM1637.o
 .text.TM1637_displayNumber
                0x00000000      0x1aa tm1637/TM1637.o
 .text.TM1637_displayDigits
                0x00000000       0x4e tm1637/TM1637.o
 .rodata.TM1637_digitToSegment
                0x00000000       0x10 tm1637/TM1637.o
 .text          0x00000000        0x0 c:/atmel/studio/7.0/toolchain/avr8/avr8-gnu-toolchain/bin/../lib/gcc/avr/5.4.0/avr4\libgcc.a(_udivmodhi4.o)
 .data          0x00000000        0x0 c:/atmel/studio/7.0/toolchain/avr8/avr8-gnu-toolchain/bin/../lib/gcc/avr/5.4.0/avr4\libgcc.a(_udivmodhi4.o)
 .bss           0x00000000        0x0 c:/atmel/studio/7.0/toolchain/avr8/avr8-gnu-toolchain/bin/../lib/gcc/avr/5.4.0/avr4\libgcc.a(_udivmodhi4.o)
 .text.libgcc.mul
                0x00000000        0x0 c:/atmel/studio/7.0/toolchain/avr8/avr8-gnu-toolchain/bin/../lib/gcc/avr/5.4.0/avr4\libgcc.a(_udivmodhi4.o)
 .text.libgcc.div
                0x00000000       0x28 c:/atmel/studio/7.0/toolchain/avr8/avr8-gnu-toolchain/bin/../lib/gcc/avr/5.4.0/avr4\libgcc.a(_udivmodhi4.o)
 .text.libgcc   0x00000000        0x0 c:/atmel/studio/7.0/toolchain/avr8/avr8-gnu-toolchain/bin/../lib/gcc/avr/5.4.0/avr4\libgcc.a(_udivmodhi4.o)
 .text.libgcc.prologue
                0x00000000        0x0 c:/atmel/studio/7.0/toolchain/avr8/avr8-gnu-toolchain/bin/../lib/gcc/avr/5.4.0/avr4\libgcc.a(_udivmodhi4.o)
 .text.libgcc.builtins
                0x00000000        0x0 c:/atmel/studio/7.0/toolchain/avr8/avr8-gnu-toolchain/bin/../lib/gcc/avr/5.4.0/avr4\libgcc.a(_udivmodhi4.o)
 .text.libgcc.fmul
                0x00000000        0x0 c:/atmel/studio/7.0/toolchain/avr8/avr8-gnu-toolchain/bin/../lib/gcc/avr/5.4.0/avr4\libgcc.a(_udivmodhi4.o)
 .text.libgcc.fixed
                0x00000000        0x0 c:/atmel/studio/7.0/toolchain/avr8/avr8-gnu-toolchain/bin/../lib/gcc/avr/5.4.0/avr4\libgcc.a(_udivmodhi4.o)
 .text          0x00000000        0x0 c:/atmel/studio/7.0/toolchain/avr8/avr8-gnu-toolchain/bin/../lib/gcc/avr/5.4.0/avr4\libgcc.a(_exit.o)
 .data          0x00000000        0x0 c:/atmel/studio/7.0/toolchain/avr8/avr8-gnu-toolchain/bin/../lib/gcc/avr/5.4.0/avr4\libgcc.a(_exit.o)
 .bss           0x00000000        0x0 c:/atmel/studio/7.0/toolchain/avr8/avr8-gnu-toolchain/bin/../lib/gcc/avr/5.4.0/avr4\libgcc.a(_exit.o)
 .text.libgcc.mul
                0x00000000        0x0 c:/atmel/studio/7.0/toolchain/avr8/avr8-gnu-toolchain/bin/../lib/gcc/avr/5.4.0/avr4\libgcc.a(_exit.o)
 .text.libgcc.div
                0x00000000        0x0 c:/atmel/studio/7.0/toolchain/avr8/avr8-gnu-toolchain/bin/../lib/gcc/avr/5.4.0/avr4\libgcc.a(_exit.o)
 .text.libgcc   0x00000000        0x0 c:/atmel/studio/7.0/toolchain/avr8/avr8-gnu-toolchain/bin/../lib/gcc/avr/5.4.0/avr4\libgcc.a(_exit.o)
 .text.libgcc.prologue
                0x00000000        0x0 c:/atmel/studio/7.0/toolchain/avr8/avr8-gnu-toolchain/bin/../lib/gcc/avr/5.4.0/avr4\libgcc.a(_exit.o)
 .text.libgcc.builtins
                0x00000000        0x0 c:/atmel/studio/7.0/toolchain/avr8/avr8-gnu-toolchain/bin/../lib/gcc/avr/5.4.0/avr4\libgcc.a(_exit.o)
 .text.libgcc.fmul
                0x00000000        0x0 c:/atmel/studio/7.0/toolchain/avr8/avr8-gnu-toolchain/bin/../lib/gcc/avr/5.4.0/avr4\libgcc.a(_exit.o)
 .text.libgcc.fixed
                0x00000000        0x0 c:/atmel/studio/7.0/toolchain/avr8/avr8-gnu-toolchain/bin/../lib/gcc/avr/5.4.0/avr4\libgcc.a(_exit.o)
 .text          0x00000000        0x0 c:/atmel/studio/7.0/toolchain/avr8/avr8-gnu-toolchain/bin/../lib/gcc/avr/5.4.0/avr4\libgcc.a(_copy_data.o)
 .data          0x00000000        0x0 c:/atmel/studio/7.0/toolchain/avr8/avr8-gnu-toolchain/bin/../lib/gcc/avr/5.4.0/avr4\libgcc.a(_copy_data.o)
 .bss           0x00000000        0x0 c:/atmel/studio/7.0/toolchain/avr8/avr8-gnu-toolchain/bin/../lib/gcc/avr/5.4.0/avr4\libgcc.a(_copy_data.o)
 .text.libgcc.mul
                0x00000000        0x0 c:/atmel/studio/7.0/toolchain/avr8/avr8-gnu-toolchain/bin/../lib/gcc/avr/5.4.0/avr4\libgcc.a(_copy_data.o)
 .text.libgcc.div
                0x00000000        0x0 c:/atmel/studio/7.0/toolchain/avr8/avr8-gnu-toolchain/bin/../lib/gcc/avr/5.4.0/avr4\libgcc.a(_copy_data.o)
 .text.libgcc   0x00000000        0x0 c:/atmel/studio/7.0/toolchain/avr8/avr8-gnu-toolchain/bin/../lib/gcc/avr/5.4.0/avr4\libgcc.a(_copy_data.o)
 .text.libgcc.prologue
                0x00000000        0x0 c:/atmel/studio/7.0/toolchain/avr8/avr8-gnu-toolchain/bin/../lib/gcc/avr/5.4.0/avr4\libgcc.a(_copy_data.o)
 .text.libgcc.builtins
                0x00000000        0x0 c:/atmel/studio/7.0/toolchain/avr8/avr8-gnu-toolchain/bin/../lib/gcc/avr/5.4.0/avr4\libgcc.a(_copy_data.o)
 .text.libgcc.fmul
                0x00000000        0x0 c:/atmel/studio/7.0/toolchain/avr8/avr8-gnu-toolchain/bin/../lib/gcc/avr/5.4.0/avr4\libgcc.a(_copy_data.o)
 .text.libgcc.fixed
                0x00000000        0x0 c:/atmel/studio/7.0/toolchain/avr8/avr8-gnu-toolchain/bin/../lib/gcc/avr/5.4.0/avr4\libgcc.a(_copy_data.o)
 .text          0x00000000        0x0 c:/atmel/studio/7.0/toolchain/avr8/avr8-gnu-toolchain/bin/../lib/gcc/avr/5.4.0/avr4\libgcc.a(_clear_bss.o)
 .data          0x00000000        0x0 c:/atmel/studio/7.0/toolchain/avr8/avr8-gnu-toolchain/bin/../lib/gcc/avr/5.4.0/avr4\libgcc.a(_clear_bss.o)
 .bss           0x00000000        0x0 c:/atmel/studio/7.0/toolchain/avr8/avr8-gnu-toolchain/bin/../lib/gcc/avr/5.4.0/avr4\libgcc.a(_clear_bss.o)
 .text.libgcc.mul
                0x00000000        0x0 c:/atmel/studio/7.0/toolchain/avr8/avr8-gnu-toolchain/bin/../lib/gcc/avr/5.4.0/avr4\libgcc.a(_clear_bss.o)
 .text.libgcc.div
                0x00000000        0x0 c:/atmel/studio/7.0/toolchain/avr8/avr8-gnu-toolchain/bin/../lib/gcc/avr/5.4.0/avr4\libgcc.a(_clear_bss.o)
 .text.libgcc   0x00000000        0x0 c:/atmel/studio/7.0/toolchain/avr8/avr8-gnu-toolchain/bin/../lib/gcc/avr/5.4.0/avr4\libgcc.a(_clear_bss.o)
 .text.libgcc.prologue
                0x00000000        0x0 c:/atmel/studio/7.0/toolchain/avr8/avr8-gnu-toolchain/bin/../lib/gcc/avr/5.4.0/avr4\libgcc.a(_clear_bss.o)
 .text.libgcc.builtins
                0x00000000        0x0 c:/atmel/studio/7.0/toolchain/avr8/avr8-gnu-toolchain/bin/../lib/gcc/avr/5.4.0/avr4\libgcc.a(_clear_bss.o)
 .text.libgcc.fmul
                0x00000000        0x0 c:/atmel/studio/7.0/toolchain/avr8/avr8-gnu-toolchain/bin/../lib/gcc/avr/5.4.0/avr4\libgcc.a(_clear_bss.o)
 .text.libgcc.fixed
                0x00000000        0x0 c:/atmel/studio/7.0/toolchain/avr8/avr8-gnu-toolchain/bin/../lib/gcc/avr/5.4.0/avr4\libgcc.a(_clear_bss.o)

Memory Configuration

Name             Origin             Length             Attributes
text             0x00000000         0x00002000         xr
data             0x00800060         0x00000400         rw !x
eeprom           0x00810000         0x00000200         rw !x
fuse             0x00820000         0x00000002         rw !x
lock             0x00830000         0x00000400         rw !x
signature        0x00840000         0x00000400         rw !x
user_signatures  0x00850000         0x00000400         rw !x
*default*        0x00000000         0xffffffff

Linker script and memory map

LOAD C:/Atmel/Studio/7.0/Packs/atmel/ATmega_DFP/1.6.364/gcc/dev/atmega8/avr4/crtatmega8.o
LOAD control_tm1637/control_tm1637.o
LOAD ds1307/ds1307.o
LOAD EEPROM/eeprom.o
LOAD main.o
LOAD menu/menu.o
LOAD myTime/myTime.o
LOAD tm1637/TM1637.o
START GROUP
LOAD c:/atmel/studio/7.0/toolchain/avr8/avr8-gnu-toolchain/bin/../lib/gcc/avr/5.4.0/../../../../avr/lib/avr4\libm.a
END GROUP
START GROUP
LOAD c:/atmel/studio/7.0/toolchain/avr8/avr8-gnu-toolchain/bin/../lib/gcc/avr/5.4.0/avr4\libgcc.a
LOAD c:/atmel/studio/7.0/toolchain/avr8/avr8-gnu-toolchain/bin/../lib/gcc/avr/5.4.0/../../../../avr/lib/avr4\libm.a
LOAD c:/atmel/studio/7.0/toolchain/avr8/avr8-gnu-toolchain/bin/../lib/gcc/avr/5.4.0/../../../../avr/lib/avr4\libc.a
LOAD C:/Atmel/Studio/7.0/Packs/atmel/ATmega_DFP/1.6.364/gcc/dev/atmega8/avr4\libatmega8.a
END GROUP
                0x00000000                __TEXT_REGION_ORIGIN__ = DEFINED (__TEXT_REGION_ORIGIN__)?__TEXT_REGION_ORIGIN__:0x0
                [0x00800060]                __DATA_REGION_ORIGIN__ = DEFINED (__DATA_REGION_ORIGIN__)?__DATA_REGION_ORIGIN__:0x800060
                [0x00002000]                __TEXT_REGION_LENGTH__ = DEFINED (__TEXT_REGION_LENGTH__)?__TEXT_REGION_LENGTH__:0x2000
                [0x00000400]                __DATA_REGION_LENGTH__ = DEFINED (__DATA_REGION_LENGTH__)?__DATA_REGION_LENGTH__:0xffa0
                [0x00000200]                __EEPROM_REGION_LENGTH__ = DEFINED (__EEPROM_REGION_LENGTH__)?__EEPROM_REGION_LENGTH__:0x10000
                [0x00000002]                __FUSE_REGION_LENGTH__ = DEFINED (__FUSE_REGION_LENGTH__)?__FUSE_REGION_LENGTH__:0x400
                0x00000400                __LOCK_REGION_LENGTH__ = DEFINED (__LOCK_REGION_LENGTH__)?__LOCK_REGION_LENGTH__:0x400
                0x00000400                __SIGNATURE_REGION_LENGTH__ = DEFINED (__SIGNATURE_REGION_LENGTH__)?__SIGNATURE_REGION_LENGTH__:0x400
                0x00000400                __USER_SIGNATURE_REGION_LENGTH__ = DEFINED (__USER_SIGNATURE_REGION_LENGTH__)?__USER_SIGNATURE_REGION_LENGTH__:0x400

.hash
 *(.hash)

.dynsym
 *(.dynsym)

.dynstr
 *(.dynstr)

.gnu.version
 *(.gnu.version)

.gnu.version_d
 *(.gnu.version_d)

.gnu.version_r
 *(.gnu.version_r)

.rel.init
 *(.rel.init)

.rela.init
 *(.rela.init)

.rel.text
 *(.rel.text)
 *(.rel.text.*)
 *(.rel.gnu.linkonce.t*)

.rela.text
 *(.rela.text)
 *(.rela.text.*)
 *(.rela.gnu.linkonce.t*)

.rel.fini
 *(.rel.fini)

.rela.fini
 *(.rela.fini)

.rel.rodata
 *(.rel.rodata)
 *(.rel.rodata.*)
 *(.rel.gnu.linkonce.r*)

.rela.rodata
 *(.rela.rodata)
 *(.rela.rodata.*)
 *(.rela.gnu.linkonce.r*)

.rel.data
 *(.rel.data)
 *(.rel.data.*)
 *(.rel.gnu.linkonce.d*)

.rela.data
 *(.rela.data)
 *(.rela.data.*)
 *(.rela.gnu.linkonce.d*)

.rel.ctors
 *(.rel.ctors)

.rela.ctors
 *(.rela.ctors)

.rel.dtors
 *(.rel.dtors)

.rela.dtors
 *(.rela.dtors)

.rel.got
 *(.rel.got)

.rela.got
 *(.rela.got)

.rel.bss
 *(.rel.bss)

.rela.bss
 *(.rela.bss)

.rel.plt
 *(.rel.plt)

.rela.plt
 *(.rela.plt)

.text           0x00000000      0xa0e
 *(.vectors)
 .vectors       0x00000000       0x26 C:/Atmel/Studio/7.0/Packs/atmel/ATmega_DFP/1.6.364/gcc/dev/atmega8/avr4/crtatmega8.o
                0x00000000                __vector_default
                0x00000000                __vectors
 *(.vectors)
 *(.progmem.gcc*)
                0x00000026                . = ALIGN (0x2)
                0x00000026                __trampolines_start = .
 *(.trampolines)
 .trampolines   0x00000026        0x0 linker stubs
 *(.trampolines*)
                0x00000026                __trampolines_end = .
 *libprintf_flt.a:*(.progmem.data)
 *libc.a:*(.progmem.data)
 *(.progmem*)
                0x00000026                . = ALIGN (0x2)
 *(.jumptables)
 *(.jumptables*)
 *(.lowtext)
 *(.lowtext*)
                0x00000026                __ctors_start = .
 *(.ctors)
                0x00000026                __ctors_end = .
                0x00000026                __dtors_start = .
 *(.dtors)
                0x00000026                __dtors_end = .
 SORT(*)(.ctors)
 SORT(*)(.dtors)
 *(.init0)
 .init0         0x00000026        0x0 C:/Atmel/Studio/7.0/Packs/atmel/ATmega_DFP/1.6.364/gcc/dev/atmega8/avr4/crtatmega8.o
                0x00000026                __init
 *(.init0)
 *(.init1)
 *(.init1)
 *(.init2)
 .init2         0x00000026        0xc C:/Atmel/Studio/7.0/Packs/atmel/ATmega_DFP/1.6.364/gcc/dev/atmega8/avr4/crtatmega8.o
 *(.init2)
 *(.init3)
 *(.init3)
 *(.init4)
 .init4         0x00000032       0x16 c:/atmel/studio/7.0/toolchain/avr8/avr8-gnu-toolchain/bin/../lib/gcc/avr/5.4.0/avr4\libgcc.a(_copy_data.o)
                0x00000032                __do_copy_data
 .init4         0x00000048       0x10 c:/atmel/studio/7.0/toolchain/avr8/avr8-gnu-toolchain/bin/../lib/gcc/avr/5.4.0/avr4\libgcc.a(_clear_bss.o)
                0x00000048                __do_clear_bss
 *(.init4)
 *(.init5)
 *(.init5)
 *(.init6)
 *(.init6)
 *(.init7)
 *(.init7)
 *(.init8)
 *(.init8)
 *(.init9)
 .init9         0x00000058        0x4 C:/Atmel/Studio/7.0/Packs/atmel/ATmega_DFP/1.6.364/gcc/dev/atmega8/avr4/crtatmega8.o
 *(.init9)
 *(.text)
 .text          0x0000005c        0x2 C:/Atmel/Studio/7.0/Packs/atmel/ATmega_DFP/1.6.364/gcc/dev/atmega8/avr4/crtatmega8.o
                0x0000005c                __vector_12
                0x0000005c                __bad_interrupt
                0x0000005c                __vector_6
                0x0000005c                __vector_3
                0x0000005c                __vector_11
                0x0000005c                __vector_13
                0x0000005c                __vector_17
                0x0000005c                __vector_7
                0x0000005c                __vector_5
                0x0000005c                __vector_9
                0x0000005c                __vector_15
                0x0000005c                __vector_8
                0x0000005c                __vector_14
                0x0000005c                __vector_10
                0x0000005c                __vector_16
                0x0000005c                __vector_18
                0x0000005e                . = ALIGN (0x2)
 *(.text.*)
 .text.select_display_digit
                0x0000005e       0x14 control_tm1637/control_tm1637.o
                0x0000005e                select_display_digit
 .text.wakeup_display
                0x00000072        0x6 control_tm1637/control_tm1637.o
                0x00000072                wakeup_display
 .text.print_time_on_display
                0x00000078       0xa4 control_tm1637/control_tm1637.o
                0x00000078                print_time_on_display
 .text.i2c_init
                0x0000011c       0x10 ds1307/ds1307.o
                0x0000011c                i2c_init
 .text.i2c_start
                0x0000012c        0xc ds1307/ds1307.o
                0x0000012c                i2c_start
 .text.i2c_stop
                0x00000138        0xc ds1307/ds1307.o
                0x00000138                i2c_stop
 .text.i2c_write_byte
                0x00000144       0x34 ds1307/ds1307.o
                0x00000144                i2c_write_byte
 .text.i2c_read_byte
                0x00000178       0x3c ds1307/ds1307.o
                0x00000178                i2c_read_byte
 .text.DS1307Read
                0x000001b4       0x4c ds1307/ds1307.o
                0x000001b4                DS1307Read
 .text.DS1307Write
                0x00000200       0x38 ds1307/ds1307.o
                0x00000200                DS1307Write
 .text.EEPROM_write
                0x00000238       0x1a EEPROM/eeprom.o
                0x00000238                EEPROM_write
 .text.EEPROM_read
                0x00000252       0x14 EEPROM/eeprom.o
                0x00000252                EEPROM_read
 .text.__vector_4
                0x00000266       0x16 main.o
                0x00000266                __vector_4
 .text.__vector_1
                0x0000027c       0x9e main.o
                0x0000027c                __vector_1
 .text.__vector_2
                0x0000031a       0x7e main.o
                0x0000031a                __vector_2
 .text.start_timer2_async
                0x00000398       0x26 main.o
                0x00000398                start_timer2_async
 .text.setup_ext_interrapt
                0x000003be       0x10 main.o
                0x000003be                setup_ext_interrapt
 .text.main     0x000003ce       0xde main.o
                0x000003ce                main
 .text.update_menu
                0x000004ac       0x16 menu/menu.o
                0x000004ac                update_menu
 .text.set_time_up
                0x000004c2        0xc menu/menu.o
                0x000004c2                set_time_up
 .text.set_time_down
                0x000004ce        0xc menu/menu.o
                0x000004ce                set_time_down
 .text.tune_hour
                0x000004da       0x2a menu/menu.o
                0x000004da                tune_hour
 .text.tune_min
                0x00000504       0x2e menu/menu.o
                0x00000504                tune_min
 .text.event_listener
                0x00000532       0xa2 menu/menu.o
                0x00000532                event_listener
 .text.setup_time
                0x000005d4       0x16 menu/menu.o
                0x000005d4                setup_time
 .text.TM1637_init
                0x000005ea       0xd2 tm1637/TM1637.o
                0x000005ea                TM1637_init
 .text.TM1637_turnOnAndSetBrightness
                0x000006bc       0xce tm1637/TM1637.o
                0x000006bc                TM1637_turnOnAndSetBrightness
 .text.TM1637_setSegments
                0x0000078a      0x14e tm1637/TM1637.o
                0x0000078a                TM1637_setSegments
 .text.TM1637_clear
                0x000008d8      0x132 tm1637/TM1637.o
                0x000008d8                TM1637_clear
                0x00000a0a                . = ALIGN (0x2)
 *(.fini9)
 .fini9         0x00000a0a        0x0 c:/atmel/studio/7.0/toolchain/avr8/avr8-gnu-toolchain/bin/../lib/gcc/avr/5.4.0/avr4\libgcc.a(_exit.o)
                0x00000a0a                _exit
                0x00000a0a                exit
 *(.fini9)
 *(.fini8)
 *(.fini8)
 *(.fini7)
 *(.fini7)
 *(.fini6)
 *(.fini6)
 *(.fini5)
 *(.fini5)
 *(.fini4)
 *(.fini4)
 *(.fini3)
 *(.fini3)
 *(.fini2)
 *(.fini2)
 *(.fini1)
 *(.fini1)
 *(.fini0)
 .fini0         0x00000a0a        0x4 c:/atmel/studio/7.0/toolchain/avr8/avr8-gnu-toolchain/bin/../lib/gcc/avr/5.4.0/avr4\libgcc.a(_exit.o)
 *(.fini0)
                0x00000a0e                _etext = .

.data           0x00800060        0xc load address 0x00000a0e
                0x00800060                PROVIDE (__data_start, .)
 *(.data)
 *(.data*)
 .data.display_digit
                0x00800060        0xa control_tm1637/control_tm1637.o
                0x00800060                display_digit
 .data.minutes  0x0080006a        0x1 main.o
                0x0080006a                minutes
 .data.hour     0x0080006b        0x1 main.o
                0x0080006b                hour
 *(.gnu.linkonce.d*)
 *(.rodata)
 *(.rodata*)
 *(.gnu.linkonce.r*)
                0x0080006c                . = ALIGN (0x2)
                0x0080006c                _edata = .
                0x0080006c                PROVIDE (__data_end, .)

.bss            0x0080006c        0x8
                0x0080006c                PROVIDE (__bss_start, .)
 *(.bss)
 *(.bss*)
 .bss.interval  0x0080006c        0x1 main.o
                0x0080006c                interval
 .bss.cat_minutes
                0x0080006d        0x1 main.o
                0x0080006d                cat_minutes
 .bss.cat_hour  0x0080006e        0x1 main.o
                0x0080006e                cat_hour
 .bss.seconds   0x0080006f        0x1 main.o
                0x0080006f                seconds
 .bss.wait_time
                0x00800070        0x1 menu/menu.o
                0x00800070                wait_time
 .bss.min       0x00800071        0x1 menu/menu.o
                0x00800071                min
 .bss.hr        0x00800072        0x1 menu/menu.o
                0x00800072                hr
 *(COMMON)
 COMMON         0x00800073        0x1 control_tm1637/control_tm1637.o
                0x00800073                TM1637_brightness_reg
                0x00800074                PROVIDE (__bss_end, .)
                0x00000a0e                __data_load_start = LOADADDR (.data)
                0x00000a1a                __data_load_end = (__data_load_start + SIZEOF (.data))

.noinit         0x00800074        0x0
                [!provide]                PROVIDE (__noinit_start, .)
 *(.noinit*)
                [!provide]                PROVIDE (__noinit_end, .)
                0x00800074                _end = .
                [!provide]                PROVIDE (__heap_start, .)

.eeprom         0x00810000        0x0
 *(.eeprom*)
                0x00810000                __eeprom_end = .

.fuse
 *(.fuse)
 *(.lfuse)
 *(.hfuse)
 *(.efuse)

.lock
 *(.lock*)

.signature
 *(.signature*)

.user_signatures
 *(.user_signatures*)

.stab
 *(.stab)

.stabstr
 *(.stabstr)

.stab.excl
 *(.stab.excl)

.stab.exclstr
 *(.stab.exclstr)

.stab.index
 *(.stab.index)

.stab.indexstr
 *(.stab.indexstr)

.comment        0x00000000       0x30
 *(.comment)
 .comment       0x00000000       0x30 control_tm1637/control_tm1637.o
                                 0x31 (size before relaxing)
 .comment       0x00000030       0x31 ds1307/ds1307.o
 .comment       0x00000030       0x31 EEPROM/eeprom.o
 .comment       0x00000030       0x31 main.o
 .comment       0x00000030       0x31 menu/menu.o
 .comment       0x00000030       0x31 tm1637/TM1637.o

.note.gnu.avr.deviceinfo
                0x00000000       0x3c
 .note.gnu.avr.deviceinfo
                0x00000000       0x3c C:/Atmel/Studio/7.0/Packs/atmel/ATmega_DFP/1.6.364/gcc/dev/atmega8/avr4/crtatmega8.o

.note.gnu.build-id
 *(.note.gnu.build-id)

.debug
 *(.debug)

.line
 *(.line)

.debug_srcinfo
 *(.debug_srcinfo)

.debug_sfnames
 *(.debug_sfnames)

.debug_aranges  0x00000000      0x1b0
 *(.debug_aranges)
 .debug_aranges
                0x00000000       0x30 control_tm1637/control_tm1637.o
 .debug_aranges
                0x00000030       0x50 ds1307/ds1307.o
 .debug_aranges
                0x00000080       0x28 EEPROM/eeprom.o
 .debug_aranges
                0x000000a8       0x50 main.o
 .debug_aranges
                0x000000f8       0x50 menu/menu.o
 .debug_aranges
                0x00000148       0x68 tm1637/TM1637.o

.debug_pubnames
 *(.debug_pubnames)

.debug_info     0x00000000     0x3018
 *(.debug_info .gnu.linkonce.wi.*)
 .debug_info    0x00000000      0x48c C:/Atmel/Studio/7.0/Packs/atmel/ATmega_DFP/1.6.364/gcc/dev/atmega8/avr4/crtatmega8.o
 .debug_info    0x0000048c      0x1c8 control_tm1637/control_tm1637.o
 .debug_info    0x00000654      0x292 ds1307/ds1307.o
 .debug_info    0x000008e6       0xf6 EEPROM/eeprom.o
 .debug_info    0x000009dc      0x50f main.o
 .debug_info    0x00000eeb      0x3b1 menu/menu.o
 .debug_info    0x0000129c     0x1d7c tm1637/TM1637.o

.debug_abbrev   0x00000000      0xca8
 *(.debug_abbrev)
 .debug_abbrev  0x00000000      0x44e C:/Atmel/Studio/7.0/Packs/atmel/ATmega_DFP/1.6.364/gcc/dev/atmega8/avr4/crtatmega8.o
 .debug_abbrev  0x0000044e      0x125 control_tm1637/control_tm1637.o
 .debug_abbrev  0x00000573       0xf4 ds1307/ds1307.o
 .debug_abbrev  0x00000667       0x9e EEPROM/eeprom.o
 .debug_abbrev  0x00000705      0x19b main.o
 .debug_abbrev  0x000008a0      0x1be menu/menu.o
 .debug_abbrev  0x00000a5e      0x24a tm1637/TM1637.o

.debug_line     0x00000000     0x1789
 *(.debug_line .debug_line.* .debug_line_end)
 .debug_line    0x00000000      0x10a C:/Atmel/Studio/7.0/Packs/atmel/ATmega_DFP/1.6.364/gcc/dev/atmega8/avr4/crtatmega8.o
 .debug_line    0x0000010a      0x150 control_tm1637/control_tm1637.o
 .debug_line    0x0000025a      0x297 ds1307/ds1307.o
 .debug_line    0x000004f1      0x102 EEPROM/eeprom.o
 .debug_line    0x000005f3      0x370 main.o
 .debug_line    0x00000963      0x288 menu/menu.o
 .debug_line    0x00000beb      0xb9e tm1637/TM1637.o

.debug_frame    0x00000000      0x400
 *(.debug_frame)
 .debug_frame   0x00000000       0x64 control_tm1637/control_tm1637.o
 .debug_frame   0x00000064       0xa0 ds1307/ds1307.o
 .debug_frame   0x00000104       0x34 EEPROM/eeprom.o
 .debug_frame   0x00000138      0x140 main.o
 .debug_frame   0x00000278       0x94 menu/menu.o
 .debug_frame   0x0000030c       0xf4 tm1637/TM1637.o

.debug_str      0x00000000      0x744
 *(.debug_str)
 .debug_str     0x00000000      0x17a C:/Atmel/Studio/7.0/Packs/atmel/ATmega_DFP/1.6.364/gcc/dev/atmega8/avr4/crtatmega8.o
 .debug_str     0x0000017a      0x20b control_tm1637/control_tm1637.o
                                0x25d (size before relaxing)
 .debug_str     0x00000385       0x70 ds1307/ds1307.o
                                0x20d (size before relaxing)
 .debug_str     0x000003f5       0x35 EEPROM/eeprom.o
                                0x1df (size before relaxing)
 .debug_str     0x0000042a      0x134 main.o
                                0x36d (size before relaxing)
 .debug_str     0x0000055e       0x6e menu/menu.o
                                0x2ae (size before relaxing)
 .debug_str     0x000005cc      0x178 tm1637/TM1637.o
                                0x364 (size before relaxing)

.debug_loc      0x00000000     0x22b5
 *(.debug_loc)
 .debug_loc     0x00000000      0x109 control_tm1637/control_tm1637.o
 .debug_loc     0x00000109      0x244 ds1307/ds1307.o
 .debug_loc     0x0000034d       0x42 EEPROM/eeprom.o
 .debug_loc     0x0000038f      0x2cd main.o
 .debug_loc     0x0000065c      0x1a6 menu/menu.o
 .debug_loc     0x00000802     0x1ab3 tm1637/TM1637.o

.debug_macinfo
 *(.debug_macinfo)

.debug_weaknames
 *(.debug_weaknames)

.debug_funcnames
 *(.debug_funcnames)

.debug_typenames
 *(.debug_typenames)

.debug_varnames
 *(.debug_varnames)

.debug_pubtypes
 *(.debug_pubtypes)

.debug_ranges   0x00000000      0x1f8
 *(.debug_ranges)
 .debug_ranges  0x00000000       0x20 control_tm1637/control_tm1637.o
 .debug_ranges  0x00000020       0x40 ds1307/ds1307.o
 .debug_ranges  0x00000060       0x18 EEPROM/eeprom.o
 .debug_ranges  0x00000078       0x40 main.o
 .debug_ranges  0x000000b8       0x40 menu/menu.o
 .debug_ranges  0x000000f8      0x100 tm1637/TM1637.o

.debug_macro
 *(.debug_macro)
OUTPUT(GccApplication1.elf elf32-avr)
LOAD linker stubs
