Archive member included to satisfy reference by file (symbol)

c:/atmel/studio/7.0/toolchain/avr8/avr8-gnu-toolchain/bin/../lib/gcc/avr/5.4.0/avr4\libgcc.a(_udivmodhi4.o)
                              tm1637/TM1637.o (__udivmodhi4)
c:/atmel/studio/7.0/toolchain/avr8/avr8-gnu-toolchain/bin/../lib/gcc/avr/5.4.0/avr4\libgcc.a(_exit.o)
                              C:/Atmel/Studio/7.0/Packs/atmel/ATmega_DFP/1.6.364/gcc/dev/atmega8/avr4/crtatmega8.o (exit)
c:/atmel/studio/7.0/toolchain/avr8/avr8-gnu-toolchain/bin/../lib/gcc/avr/5.4.0/avr4\libgcc.a(_copy_data.o)
                              control_tm1637/control_tm1637.o (__do_copy_data)
c:/atmel/studio/7.0/toolchain/avr8/avr8-gnu-toolchain/bin/../lib/gcc/avr/5.4.0/avr4\libgcc.a(_clear_bss.o)
                              control_tm1637/control_tm1637.o (__do_clear_bss)

Allocating common symbols
Common symbol       size              file

TM1637_brightness_reg
                    0x1               control_tm1637/control_tm1637.o
DateTime            0x9               control_tm1637/control_tm1637.o

Discarded input sections

 .data          0x00000000        0x0 C:/Atmel/Studio/7.0/Packs/atmel/ATmega_DFP/1.6.364/gcc/dev/atmega8/avr4/crtatmega8.o
 .bss           0x00000000        0x0 C:/Atmel/Studio/7.0/Packs/atmel/ATmega_DFP/1.6.364/gcc/dev/atmega8/avr4/crtatmega8.o
 .text          0x00000000        0x0 control_tm1637/control_tm1637.o
 .data          0x00000000        0x0 control_tm1637/control_tm1637.o
 .bss           0x00000000        0x0 control_tm1637/control_tm1637.o
 .text          0x00000000        0x0 ds/ds1302.o
 .data          0x00000000        0x0 ds/ds1302.o
 .bss           0x00000000        0x0 ds/ds1302.o
 .text          0x00000000        0x0 EEPROM/eeprom.o
 .data          0x00000000        0x0 EEPROM/eeprom.o
 .bss           0x00000000        0x0 EEPROM/eeprom.o
 .text          0x00000000        0x0 i2chw/twimaster.o
 .data          0x00000000        0x0 i2chw/twimaster.o
 .bss           0x00000000        0x0 i2chw/twimaster.o
 .text.i2c_init
                0x00000000        0x8 i2chw/twimaster.o
 .text.i2c_start
                0x00000000       0x3e i2chw/twimaster.o
 .text.i2c_start_wait
                0x00000000       0x3c i2chw/twimaster.o
 .text.i2c_rep_start
                0x00000000        0x4 i2chw/twimaster.o
 .text.i2c_stop
                0x00000000        0xc i2chw/twimaster.o
 .text.i2c_write
                0x00000000       0x1c i2chw/twimaster.o
 .text.i2c_readAck
                0x00000000        0xe i2chw/twimaster.o
 .text.i2c_readNak
                0x00000000        0xe i2chw/twimaster.o
 .debug_info    0x00000000      0x27a i2chw/twimaster.o
 .debug_abbrev  0x00000000      0x121 i2chw/twimaster.o
 .debug_loc     0x00000000      0x11a i2chw/twimaster.o
 .debug_aranges
                0x00000000       0x58 i2chw/twimaster.o
 .debug_ranges  0x00000000       0x48 i2chw/twimaster.o
 .debug_line    0x00000000      0x2b2 i2chw/twimaster.o
 .debug_str     0x00000000      0x257 i2chw/twimaster.o
 .comment       0x00000000       0x31 i2chw/twimaster.o
 .debug_frame   0x00000000       0x94 i2chw/twimaster.o
 .text          0x00000000        0x0 main.o
 .data          0x00000000        0x0 main.o
 .bss           0x00000000        0x0 main.o
 .text          0x00000000        0x0 menu/menu.o
 .data          0x00000000        0x0 menu/menu.o
 .bss           0x00000000        0x0 menu/menu.o
 .text          0x00000000        0x0 myTime/myTime.o
 .data          0x00000000        0x0 myTime/myTime.o
 .bss           0x00000000        0x0 myTime/myTime.o
 .text.control_seconds
                0x00000000       0x16 myTime/myTime.o
 .text.control_min
                0x00000000       0x16 myTime/myTime.o
 .text.control_hour
                0x00000000       0x24 myTime/myTime.o
 .debug_info    0x00000000      0x1fc myTime/myTime.o
 .debug_abbrev  0x00000000       0xb6 myTime/myTime.o
 .debug_loc     0x00000000       0x28 myTime/myTime.o
 .debug_aranges
                0x00000000       0x30 myTime/myTime.o
 .debug_ranges  0x00000000       0x20 myTime/myTime.o
 .debug_line    0x00000000      0x13e myTime/myTime.o
 .debug_str     0x00000000      0x226 myTime/myTime.o
 .comment       0x00000000       0x31 myTime/myTime.o
 .debug_frame   0x00000000       0x44 myTime/myTime.o
 .text          0x00000000        0x0 tm1637/TM1637.o
 .data          0x00000000        0x0 tm1637/TM1637.o
 .bss           0x00000000        0x0 tm1637/TM1637.o
 .text.TM1637_turnOnOff
                0x00000000       0xdc tm1637/TM1637.o
 .text.TM1637_turnOn
                0x00000000       0xd2 tm1637/TM1637.o
 .text.TM1637_setBrightness
                0x00000000       0xd4 tm1637/TM1637.o
 .text.TM1637_displayNumber
                0x00000000      0x1aa tm1637/TM1637.o
 .text.TM1637_displayDigits
                0x00000000       0x4e tm1637/TM1637.o
 .rodata.TM1637_digitToSegment
                0x00000000       0x10 tm1637/TM1637.o
 .text          0x00000000        0x0 c:/atmel/studio/7.0/toolchain/avr8/avr8-gnu-toolchain/bin/../lib/gcc/avr/5.4.0/avr4\libgcc.a(_udivmodhi4.o)
 .data          0x00000000        0x0 c:/atmel/studio/7.0/toolchain/avr8/avr8-gnu-toolchain/bin/../lib/gcc/avr/5.4.0/avr4\libgcc.a(_udivmodhi4.o)
 .bss           0x00000000        0x0 c:/atmel/studio/7.0/toolchain/avr8/avr8-gnu-toolchain/bin/../lib/gcc/avr/5.4.0/avr4\libgcc.a(_udivmodhi4.o)
 .text.libgcc.mul
                0x00000000        0x0 c:/atmel/studio/7.0/toolchain/avr8/avr8-gnu-toolchain/bin/../lib/gcc/avr/5.4.0/avr4\libgcc.a(_udivmodhi4.o)
 .text.libgcc.div
                0x00000000       0x28 c:/atmel/studio/7.0/toolchain/avr8/avr8-gnu-toolchain/bin/../lib/gcc/avr/5.4.0/avr4\libgcc.a(_udivmodhi4.o)
 .text.libgcc   0x00000000        0x0 c:/atmel/studio/7.0/toolchain/avr8/avr8-gnu-toolchain/bin/../lib/gcc/avr/5.4.0/avr4\libgcc.a(_udivmodhi4.o)
 .text.libgcc.prologue
                0x00000000        0x0 c:/atmel/studio/7.0/toolchain/avr8/avr8-gnu-toolchain/bin/../lib/gcc/avr/5.4.0/avr4\libgcc.a(_udivmodhi4.o)
 .text.libgcc.builtins
                0x00000000        0x0 c:/atmel/studio/7.0/toolchain/avr8/avr8-gnu-toolchain/bin/../lib/gcc/avr/5.4.0/avr4\libgcc.a(_udivmodhi4.o)
 .text.libgcc.fmul
                0x00000000        0x0 c:/atmel/studio/7.0/toolchain/avr8/avr8-gnu-toolchain/bin/../lib/gcc/avr/5.4.0/avr4\libgcc.a(_udivmodhi4.o)
 .text.libgcc.fixed
                0x00000000        0x0 c:/atmel/studio/7.0/toolchain/avr8/avr8-gnu-toolchain/bin/../lib/gcc/avr/5.4.0/avr4\libgcc.a(_udivmodhi4.o)
 .text          0x00000000        0x0 c:/atmel/studio/7.0/toolchain/avr8/avr8-gnu-toolchain/bin/../lib/gcc/avr/5.4.0/avr4\libgcc.a(_exit.o)
 .data          0x00000000        0x0 c:/atmel/studio/7.0/toolchain/avr8/avr8-gnu-toolchain/bin/../lib/gcc/avr/5.4.0/avr4\libgcc.a(_exit.o)
 .bss           0x00000000        0x0 c:/atmel/studio/7.0/toolchain/avr8/avr8-gnu-toolchain/bin/../lib/gcc/avr/5.4.0/avr4\libgcc.a(_exit.o)
 .text.libgcc.mul
                0x00000000        0x0 c:/atmel/studio/7.0/toolchain/avr8/avr8-gnu-toolchain/bin/../lib/gcc/avr/5.4.0/avr4\libgcc.a(_exit.o)
 .text.libgcc.div
                0x00000000        0x0 c:/atmel/studio/7.0/toolchain/avr8/avr8-gnu-toolchain/bin/../lib/gcc/avr/5.4.0/avr4\libgcc.a(_exit.o)
 .text.libgcc   0x00000000        0x0 c:/atmel/studio/7.0/toolchain/avr8/avr8-gnu-toolchain/bin/../lib/gcc/avr/5.4.0/avr4\libgcc.a(_exit.o)
 .text.libgcc.prologue
                0x00000000        0x0 c:/atmel/studio/7.0/toolchain/avr8/avr8-gnu-toolchain/bin/../lib/gcc/avr/5.4.0/avr4\libgcc.a(_exit.o)
 .text.libgcc.builtins
                0x00000000        0x0 c:/atmel/studio/7.0/toolchain/avr8/avr8-gnu-toolchain/bin/../lib/gcc/avr/5.4.0/avr4\libgcc.a(_exit.o)
 .text.libgcc.fmul
                0x00000000        0x0 c:/atmel/studio/7.0/toolchain/avr8/avr8-gnu-toolchain/bin/../lib/gcc/avr/5.4.0/avr4\libgcc.a(_exit.o)
 .text.libgcc.fixed
                0x00000000        0x0 c:/atmel/studio/7.0/toolchain/avr8/avr8-gnu-toolchain/bin/../lib/gcc/avr/5.4.0/avr4\libgcc.a(_exit.o)
 .text          0x00000000        0x0 c:/atmel/studio/7.0/toolchain/avr8/avr8-gnu-toolchain/bin/../lib/gcc/avr/5.4.0/avr4\libgcc.a(_copy_data.o)
 .data          0x00000000        0x0 c:/atmel/studio/7.0/toolchain/avr8/avr8-gnu-toolchain/bin/../lib/gcc/avr/5.4.0/avr4\libgcc.a(_copy_data.o)
 .bss           0x00000000        0x0 c:/atmel/studio/7.0/toolchain/avr8/avr8-gnu-toolchain/bin/../lib/gcc/avr/5.4.0/avr4\libgcc.a(_copy_data.o)
 .text.libgcc.mul
                0x00000000        0x0 c:/atmel/studio/7.0/toolchain/avr8/avr8-gnu-toolchain/bin/../lib/gcc/avr/5.4.0/avr4\libgcc.a(_copy_data.o)
 .text.libgcc.div
                0x00000000        0x0 c:/atmel/studio/7.0/toolchain/avr8/avr8-gnu-toolchain/bin/../lib/gcc/avr/5.4.0/avr4\libgcc.a(_copy_data.o)
 .text.libgcc   0x00000000        0x0 c:/atmel/studio/7.0/toolchain/avr8/avr8-gnu-toolchain/bin/../lib/gcc/avr/5.4.0/avr4\libgcc.a(_copy_data.o)
 .text.libgcc.prologue
                0x00000000        0x0 c:/atmel/studio/7.0/toolchain/avr8/avr8-gnu-toolchain/bin/../lib/gcc/avr/5.4.0/avr4\libgcc.a(_copy_data.o)
 .text.libgcc.builtins
                0x00000000        0x0 c:/atmel/studio/7.0/toolchain/avr8/avr8-gnu-toolchain/bin/../lib/gcc/avr/5.4.0/avr4\libgcc.a(_copy_data.o)
 .text.libgcc.fmul
                0x00000000        0x0 c:/atmel/studio/7.0/toolchain/avr8/avr8-gnu-toolchain/bin/../lib/gcc/avr/5.4.0/avr4\libgcc.a(_copy_data.o)
 .text.libgcc.fixed
                0x00000000        0x0 c:/atmel/studio/7.0/toolchain/avr8/avr8-gnu-toolchain/bin/../lib/gcc/avr/5.4.0/avr4\libgcc.a(_copy_data.o)
 .text          0x00000000        0x0 c:/atmel/studio/7.0/toolchain/avr8/avr8-gnu-toolchain/bin/../lib/gcc/avr/5.4.0/avr4\libgcc.a(_clear_bss.o)
 .data          0x00000000        0x0 c:/atmel/studio/7.0/toolchain/avr8/avr8-gnu-toolchain/bin/../lib/gcc/avr/5.4.0/avr4\libgcc.a(_clear_bss.o)
 .bss           0x00000000        0x0 c:/atmel/studio/7.0/toolchain/avr8/avr8-gnu-toolchain/bin/../lib/gcc/avr/5.4.0/avr4\libgcc.a(_clear_bss.o)
 .text.libgcc.mul
                0x00000000        0x0 c:/atmel/studio/7.0/toolchain/avr8/avr8-gnu-toolchain/bin/../lib/gcc/avr/5.4.0/avr4\libgcc.a(_clear_bss.o)
 .text.libgcc.div
                0x00000000        0x0 c:/atmel/studio/7.0/toolchain/avr8/avr8-gnu-toolchain/bin/../lib/gcc/avr/5.4.0/avr4\libgcc.a(_clear_bss.o)
 .text.libgcc   0x00000000        0x0 c:/atmel/studio/7.0/toolchain/avr8/avr8-gnu-toolchain/bin/../lib/gcc/avr/5.4.0/avr4\libgcc.a(_clear_bss.o)
 .text.libgcc.prologue
                0x00000000        0x0 c:/atmel/studio/7.0/toolchain/avr8/avr8-gnu-toolchain/bin/../lib/gcc/avr/5.4.0/avr4\libgcc.a(_clear_bss.o)
 .text.libgcc.builtins
                0x00000000        0x0 c:/atmel/studio/7.0/toolchain/avr8/avr8-gnu-toolchain/bin/../lib/gcc/avr/5.4.0/avr4\libgcc.a(_clear_bss.o)
 .text.libgcc.fmul
                0x00000000        0x0 c:/atmel/studio/7.0/toolchain/avr8/avr8-gnu-toolchain/bin/../lib/gcc/avr/5.4.0/avr4\libgcc.a(_clear_bss.o)
 .text.libgcc.fixed
                0x00000000        0x0 c:/atmel/studio/7.0/toolchain/avr8/avr8-gnu-toolchain/bin/../lib/gcc/avr/5.4.0/avr4\libgcc.a(_clear_bss.o)

Memory Configuration

Name             Origin             Length             Attributes
text             0x00000000         0x00002000         xr
data             0x00800060         0x00000400         rw !x
eeprom           0x00810000         0x00000200         rw !x
fuse             0x00820000         0x00000002         rw !x
lock             0x00830000         0x00000400         rw !x
signature        0x00840000         0x00000400         rw !x
user_signatures  0x00850000         0x00000400         rw !x
*default*        0x00000000         0xffffffff

Linker script and memory map

LOAD C:/Atmel/Studio/7.0/Packs/atmel/ATmega_DFP/1.6.364/gcc/dev/atmega8/avr4/crtatmega8.o
LOAD control_tm1637/control_tm1637.o
LOAD ds/ds1302.o
LOAD EEPROM/eeprom.o
LOAD i2chw/twimaster.o
LOAD main.o
LOAD menu/menu.o
LOAD myTime/myTime.o
LOAD tm1637/TM1637.o
START GROUP
LOAD c:/atmel/studio/7.0/toolchain/avr8/avr8-gnu-toolchain/bin/../lib/gcc/avr/5.4.0/../../../../avr/lib/avr4\libm.a
END GROUP
START GROUP
LOAD c:/atmel/studio/7.0/toolchain/avr8/avr8-gnu-toolchain/bin/../lib/gcc/avr/5.4.0/avr4\libgcc.a
LOAD c:/atmel/studio/7.0/toolchain/avr8/avr8-gnu-toolchain/bin/../lib/gcc/avr/5.4.0/../../../../avr/lib/avr4\libm.a
LOAD c:/atmel/studio/7.0/toolchain/avr8/avr8-gnu-toolchain/bin/../lib/gcc/avr/5.4.0/../../../../avr/lib/avr4\libc.a
LOAD C:/Atmel/Studio/7.0/Packs/atmel/ATmega_DFP/1.6.364/gcc/dev/atmega8/avr4\libatmega8.a
END GROUP
                0x00000000                __TEXT_REGION_ORIGIN__ = DEFINED (__TEXT_REGION_ORIGIN__)?__TEXT_REGION_ORIGIN__:0x0
                [0x00800060]                __DATA_REGION_ORIGIN__ = DEFINED (__DATA_REGION_ORIGIN__)?__DATA_REGION_ORIGIN__:0x800060
                [0x00002000]                __TEXT_REGION_LENGTH__ = DEFINED (__TEXT_REGION_LENGTH__)?__TEXT_REGION_LENGTH__:0x2000
                [0x00000400]                __DATA_REGION_LENGTH__ = DEFINED (__DATA_REGION_LENGTH__)?__DATA_REGION_LENGTH__:0xffa0
                [0x00000200]                __EEPROM_REGION_LENGTH__ = DEFINED (__EEPROM_REGION_LENGTH__)?__EEPROM_REGION_LENGTH__:0x10000
                [0x00000002]                __FUSE_REGION_LENGTH__ = DEFINED (__FUSE_REGION_LENGTH__)?__FUSE_REGION_LENGTH__:0x400
                0x00000400                __LOCK_REGION_LENGTH__ = DEFINED (__LOCK_REGION_LENGTH__)?__LOCK_REGION_LENGTH__:0x400
                0x00000400                __SIGNATURE_REGION_LENGTH__ = DEFINED (__SIGNATURE_REGION_LENGTH__)?__SIGNATURE_REGION_LENGTH__:0x400
                0x00000400                __USER_SIGNATURE_REGION_LENGTH__ = DEFINED (__USER_SIGNATURE_REGION_LENGTH__)?__USER_SIGNATURE_REGION_LENGTH__:0x400

.hash
 *(.hash)

.dynsym
 *(.dynsym)

.dynstr
 *(.dynstr)

.gnu.version
 *(.gnu.version)

.gnu.version_d
 *(.gnu.version_d)

.gnu.version_r
 *(.gnu.version_r)

.rel.init
 *(.rel.init)

.rela.init
 *(.rela.init)

.rel.text
 *(.rel.text)
 *(.rel.text.*)
 *(.rel.gnu.linkonce.t*)

.rela.text
 *(.rela.text)
 *(.rela.text.*)
 *(.rela.gnu.linkonce.t*)

.rel.fini
 *(.rel.fini)

.rela.fini
 *(.rela.fini)

.rel.rodata
 *(.rel.rodata)
 *(.rel.rodata.*)
 *(.rel.gnu.linkonce.r*)

.rela.rodata
 *(.rela.rodata)
 *(.rela.rodata.*)
 *(.rela.gnu.linkonce.r*)

.rel.data
 *(.rel.data)
 *(.rel.data.*)
 *(.rel.gnu.linkonce.d*)

.rela.data
 *(.rela.data)
 *(.rela.data.*)
 *(.rela.gnu.linkonce.d*)

.rel.ctors
 *(.rel.ctors)

.rela.ctors
 *(.rela.ctors)

.rel.dtors
 *(.rel.dtors)

.rela.dtors
 *(.rela.dtors)

.rel.got
 *(.rel.got)

.rela.got
 *(.rela.got)

.rel.bss
 *(.rel.bss)

.rela.bss
 *(.rela.bss)

.rel.plt
 *(.rel.plt)

.rela.plt
 *(.rela.plt)

.text           0x00000000      0xb6c
 *(.vectors)
 .vectors       0x00000000       0x26 C:/Atmel/Studio/7.0/Packs/atmel/ATmega_DFP/1.6.364/gcc/dev/atmega8/avr4/crtatmega8.o
                0x00000000                __vector_default
                0x00000000                __vectors
 *(.vectors)
 *(.progmem.gcc*)
                0x00000026                . = ALIGN (0x2)
                0x00000026                __trampolines_start = .
 *(.trampolines)
 .trampolines   0x00000026        0x0 linker stubs
 *(.trampolines*)
                0x00000026                __trampolines_end = .
 *libprintf_flt.a:*(.progmem.data)
 *libc.a:*(.progmem.data)
 *(.progmem*)
                0x00000026                . = ALIGN (0x2)
 *(.jumptables)
 *(.jumptables*)
 *(.lowtext)
 *(.lowtext*)
                0x00000026                __ctors_start = .
 *(.ctors)
                0x00000026                __ctors_end = .
                0x00000026                __dtors_start = .
 *(.dtors)
                0x00000026                __dtors_end = .
 SORT(*)(.ctors)
 SORT(*)(.dtors)
 *(.init0)
 .init0         0x00000026        0x0 C:/Atmel/Studio/7.0/Packs/atmel/ATmega_DFP/1.6.364/gcc/dev/atmega8/avr4/crtatmega8.o
                0x00000026                __init
 *(.init0)
 *(.init1)
 *(.init1)
 *(.init2)
 .init2         0x00000026        0xc C:/Atmel/Studio/7.0/Packs/atmel/ATmega_DFP/1.6.364/gcc/dev/atmega8/avr4/crtatmega8.o
 *(.init2)
 *(.init3)
 *(.init3)
 *(.init4)
 .init4         0x00000032       0x16 c:/atmel/studio/7.0/toolchain/avr8/avr8-gnu-toolchain/bin/../lib/gcc/avr/5.4.0/avr4\libgcc.a(_copy_data.o)
                0x00000032                __do_copy_data
 .init4         0x00000048       0x10 c:/atmel/studio/7.0/toolchain/avr8/avr8-gnu-toolchain/bin/../lib/gcc/avr/5.4.0/avr4\libgcc.a(_clear_bss.o)
                0x00000048                __do_clear_bss
 *(.init4)
 *(.init5)
 *(.init5)
 *(.init6)
 *(.init6)
 *(.init7)
 *(.init7)
 *(.init8)
 *(.init8)
 *(.init9)
 .init9         0x00000058        0x4 C:/Atmel/Studio/7.0/Packs/atmel/ATmega_DFP/1.6.364/gcc/dev/atmega8/avr4/crtatmega8.o
 *(.init9)
 *(.text)
 .text          0x0000005c        0x2 C:/Atmel/Studio/7.0/Packs/atmel/ATmega_DFP/1.6.364/gcc/dev/atmega8/avr4/crtatmega8.o
                0x0000005c                __vector_12
                0x0000005c                __bad_interrupt
                0x0000005c                __vector_6
                0x0000005c                __vector_3
                0x0000005c                __vector_11
                0x0000005c                __vector_13
                0x0000005c                __vector_17
                0x0000005c                __vector_7
                0x0000005c                __vector_5
                0x0000005c                __vector_4
                0x0000005c                __vector_9
                0x0000005c                __vector_15
                0x0000005c                __vector_8
                0x0000005c                __vector_14
                0x0000005c                __vector_10
                0x0000005c                __vector_16
                0x0000005c                __vector_18
                0x0000005e                . = ALIGN (0x2)
 *(.text.*)
 .text.select_display_digit
                0x0000005e       0x14 control_tm1637/control_tm1637.o
                0x0000005e                select_display_digit
 .text.wakeup_display
                0x00000072        0x6 control_tm1637/control_tm1637.o
                0x00000072                wakeup_display
 .text.print_time_on_display
                0x00000078       0xa4 control_tm1637/control_tm1637.o
                0x00000078                print_time_on_display
 .text.DS1302_Bin8_To_BCD
                0x0000011c       0x28 ds/ds1302.o
                0x0000011c                DS1302_Bin8_To_BCD
 .text.DS1302_BCD_To_Bin8
                0x00000144       0x18 ds/ds1302.o
                0x00000144                DS1302_BCD_To_Bin8
 .text.ds1302_write
                0x0000015c       0x60 ds/ds1302.o
                0x0000015c                ds1302_write
 .text.ds1302_end_write_data
                0x000001bc        0x8 ds/ds1302.o
                0x000001bc                ds1302_end_write_data
 .text.ds1302_read
                0x000001c4       0x58 ds/ds1302.o
                0x000001c4                ds1302_read
 .text.DS1302_ReadDateTime
                0x0000021c       0x76 ds/ds1302.o
                0x0000021c                DS1302_ReadDateTime
 .text.DS1302_WriteDateTime
                0x00000292       0x70 ds/ds1302.o
                0x00000292                DS1302_WriteDateTime
 .text.EEPROM_write
                0x00000302       0x1a EEPROM/eeprom.o
                0x00000302                EEPROM_write
 .text.EEPROM_read
                0x0000031c       0x14 EEPROM/eeprom.o
                0x0000031c                EEPROM_read
 .text.activate_sleep_mode
                0x00000330       0x20 main.o
                0x00000330                activate_sleep_mode
 .text.__vector_1
                0x00000350       0xa2 main.o
                0x00000350                __vector_1
 .text.__vector_2
                0x000003f2       0x7a main.o
                0x000003f2                __vector_2
 .text.setup_ext_interrapt
                0x0000046c       0x10 main.o
                0x0000046c                setup_ext_interrapt
 .text.main     0x0000047c       0x7c main.o
                0x0000047c                main
 .text.update_menu
                0x000004f8       0x16 menu/menu.o
                0x000004f8                update_menu
 .text.set_time_up
                0x0000050e        0xc menu/menu.o
                0x0000050e                set_time_up
 .text.set_time_down
                0x0000051a        0xc menu/menu.o
                0x0000051a                set_time_down
 .text.tune_hour
                0x00000526       0x2a menu/menu.o
                0x00000526                tune_hour
 .text.tune_min
                0x00000550       0x2e menu/menu.o
                0x00000550                tune_min
 .text.event_listener
                0x0000057e       0xa2 menu/menu.o
                0x0000057e                event_listener
 .text.setup_time
                0x00000620       0x58 menu/menu.o
                0x00000620                setup_time
 .text.TM1637_init
                0x00000678       0xd2 tm1637/TM1637.o
                0x00000678                TM1637_init
 .text.TM1637_turnOff
                0x0000074a       0xd0 tm1637/TM1637.o
                0x0000074a                TM1637_turnOff
 .text.TM1637_turnOnAndSetBrightness
                0x0000081a       0xce tm1637/TM1637.o
                0x0000081a                TM1637_turnOnAndSetBrightness
 .text.TM1637_setSegments
                0x000008e8      0x14e tm1637/TM1637.o
                0x000008e8                TM1637_setSegments
 .text.TM1637_clear
                0x00000a36      0x132 tm1637/TM1637.o
                0x00000a36                TM1637_clear
                0x00000b68                . = ALIGN (0x2)
 *(.fini9)
 .fini9         0x00000b68        0x0 c:/atmel/studio/7.0/toolchain/avr8/avr8-gnu-toolchain/bin/../lib/gcc/avr/5.4.0/avr4\libgcc.a(_exit.o)
                0x00000b68                _exit
                0x00000b68                exit
 *(.fini9)
 *(.fini8)
 *(.fini8)
 *(.fini7)
 *(.fini7)
 *(.fini6)
 *(.fini6)
 *(.fini5)
 *(.fini5)
 *(.fini4)
 *(.fini4)
 *(.fini3)
 *(.fini3)
 *(.fini2)
 *(.fini2)
 *(.fini1)
 *(.fini1)
 *(.fini0)
 .fini0         0x00000b68        0x4 c:/atmel/studio/7.0/toolchain/avr8/avr8-gnu-toolchain/bin/../lib/gcc/avr/5.4.0/avr4\libgcc.a(_exit.o)
 *(.fini0)
                0x00000b6c                _etext = .

.data           0x00800060        0xc load address 0x00000b6c
                0x00800060                PROVIDE (__data_start, .)
 *(.data)
 *(.data*)
 .data.display_digit
                0x00800060        0xa control_tm1637/control_tm1637.o
                0x00800060                display_digit
 .data.minutes  0x0080006a        0x1 main.o
                0x0080006a                minutes
 .data.hour     0x0080006b        0x1 main.o
                0x0080006b                hour
 *(.gnu.linkonce.d*)
 *(.rodata)
 *(.rodata*)
 *(.gnu.linkonce.r*)
                0x0080006c                . = ALIGN (0x2)
                0x0080006c                _edata = .
                0x0080006c                PROVIDE (__data_end, .)

.bss            0x0080006c       0x11
                0x0080006c                PROVIDE (__bss_start, .)
 *(.bss)
 *(.bss*)
 .bss.interval  0x0080006c        0x1 main.o
                0x0080006c                interval
 .bss.cat_minutes
                0x0080006d        0x1 main.o
                0x0080006d                cat_minutes
 .bss.cat_hour  0x0080006e        0x1 main.o
                0x0080006e                cat_hour
 .bss.seconds   0x0080006f        0x1 main.o
                0x0080006f                seconds
 .bss.wait_time
                0x00800070        0x1 menu/menu.o
                0x00800070                wait_time
 .bss.min       0x00800071        0x1 menu/menu.o
                0x00800071                min
 .bss.hr        0x00800072        0x1 menu/menu.o
                0x00800072                hr
 *(COMMON)
 COMMON         0x00800073        0xa control_tm1637/control_tm1637.o
                0x00800073                TM1637_brightness_reg
                0x00800074                DateTime
                0x0080007d                PROVIDE (__bss_end, .)
                0x00000b6c                __data_load_start = LOADADDR (.data)
                0x00000b78                __data_load_end = (__data_load_start + SIZEOF (.data))

.noinit         0x0080007d        0x0
                [!provide]                PROVIDE (__noinit_start, .)
 *(.noinit*)
                [!provide]                PROVIDE (__noinit_end, .)
                0x0080007d                _end = .
                [!provide]                PROVIDE (__heap_start, .)

.eeprom         0x00810000        0x0
 *(.eeprom*)
                0x00810000                __eeprom_end = .

.fuse
 *(.fuse)
 *(.lfuse)
 *(.hfuse)
 *(.efuse)

.lock
 *(.lock*)

.signature
 *(.signature*)

.user_signatures
 *(.user_signatures*)

.stab
 *(.stab)

.stabstr
 *(.stabstr)

.stab.excl
 *(.stab.excl)

.stab.exclstr
 *(.stab.exclstr)

.stab.index
 *(.stab.index)

.stab.indexstr
 *(.stab.indexstr)

.comment        0x00000000       0x30
 *(.comment)
 .comment       0x00000000       0x30 control_tm1637/control_tm1637.o
                                 0x31 (size before relaxing)
 .comment       0x00000030       0x31 ds/ds1302.o
 .comment       0x00000030       0x31 EEPROM/eeprom.o
 .comment       0x00000030       0x31 main.o
 .comment       0x00000030       0x31 menu/menu.o
 .comment       0x00000030       0x31 tm1637/TM1637.o

.note.gnu.avr.deviceinfo
                0x00000000       0x3c
 .note.gnu.avr.deviceinfo
                0x00000000       0x3c C:/Atmel/Studio/7.0/Packs/atmel/ATmega_DFP/1.6.364/gcc/dev/atmega8/avr4/crtatmega8.o

.note.gnu.build-id
 *(.note.gnu.build-id)

.debug
 *(.debug)

.line
 *(.line)

.debug_srcinfo
 *(.debug_srcinfo)

.debug_sfnames
 *(.debug_sfnames)

.debug_aranges  0x00000000      0x1a0
 *(.debug_aranges)
 .debug_aranges
                0x00000000       0x30 control_tm1637/control_tm1637.o
 .debug_aranges
                0x00000030       0x50 ds/ds1302.o
 .debug_aranges
                0x00000080       0x28 EEPROM/eeprom.o
 .debug_aranges
                0x000000a8       0x40 main.o
 .debug_aranges
                0x000000e8       0x50 menu/menu.o
 .debug_aranges
                0x00000138       0x68 tm1637/TM1637.o

.debug_pubnames
 *(.debug_pubnames)

.debug_info     0x00000000     0x3501
 *(.debug_info .gnu.linkonce.wi.*)
 .debug_info    0x00000000      0x48c C:/Atmel/Studio/7.0/Packs/atmel/ATmega_DFP/1.6.364/gcc/dev/atmega8/avr4/crtatmega8.o
 .debug_info    0x0000048c      0x26c control_tm1637/control_tm1637.o
 .debug_info    0x000006f8      0x612 ds/ds1302.o
 .debug_info    0x00000d0a      0x19a EEPROM/eeprom.o
 .debug_info    0x00000ea4      0x47c main.o
 .debug_info    0x00001320      0x465 menu/menu.o
 .debug_info    0x00001785     0x1d7c tm1637/TM1637.o

.debug_abbrev   0x00000000      0xdf2
 *(.debug_abbrev)
 .debug_abbrev  0x00000000      0x44e C:/Atmel/Studio/7.0/Packs/atmel/ATmega_DFP/1.6.364/gcc/dev/atmega8/avr4/crtatmega8.o
 .debug_abbrev  0x0000044e      0x150 control_tm1637/control_tm1637.o
 .debug_abbrev  0x0000059e      0x1d3 ds/ds1302.o
 .debug_abbrev  0x00000771       0xc9 EEPROM/eeprom.o
 .debug_abbrev  0x0000083a      0x185 main.o
 .debug_abbrev  0x000009bf      0x1e9 menu/menu.o
 .debug_abbrev  0x00000ba8      0x24a tm1637/TM1637.o

.debug_line     0x00000000     0x185c
 *(.debug_line .debug_line.* .debug_line_end)
 .debug_line    0x00000000      0x10a C:/Atmel/Studio/7.0/Packs/atmel/ATmega_DFP/1.6.364/gcc/dev/atmega8/avr4/crtatmega8.o
 .debug_line    0x0000010a      0x176 control_tm1637/control_tm1637.o
 .debug_line    0x00000280      0x38e ds/ds1302.o
 .debug_line    0x0000060e      0x120 EEPROM/eeprom.o
 .debug_line    0x0000072e      0x2b0 main.o
 .debug_line    0x000009de      0x2e0 menu/menu.o
 .debug_line    0x00000cbe      0xb9e tm1637/TM1637.o

.debug_frame    0x00000000      0x3f4
 *(.debug_frame)
 .debug_frame   0x00000000       0x64 control_tm1637/control_tm1637.o
 .debug_frame   0x00000064       0xa0 ds/ds1302.o
 .debug_frame   0x00000104       0x34 EEPROM/eeprom.o
 .debug_frame   0x00000138      0x114 main.o
 .debug_frame   0x0000024c       0xb4 menu/menu.o
 .debug_frame   0x00000300       0xf4 tm1637/TM1637.o

.debug_str      0x00000000      0x76c
 *(.debug_str)
 .debug_str     0x00000000      0x17a C:/Atmel/Studio/7.0/Packs/atmel/ATmega_DFP/1.6.364/gcc/dev/atmega8/avr4/crtatmega8.o
 .debug_str     0x0000017a      0x23a control_tm1637/control_tm1637.o
                                0x295 (size before relaxing)
 .debug_str     0x000003b4       0xf2 ds/ds1302.o
                                0x2b1 (size before relaxing)
 .debug_str     0x000004a6       0x3d EEPROM/eeprom.o
                                0x217 (size before relaxing)
 .debug_str     0x000004e3       0xb9 main.o
                                0x35a (size before relaxing)
 .debug_str     0x0000059c       0x67 menu/menu.o
                                0x2fb (size before relaxing)
 .debug_str     0x00000603      0x169 tm1637/TM1637.o
                                0x364 (size before relaxing)

.debug_loc      0x00000000     0x23b0
 *(.debug_loc)
 .debug_loc     0x00000000      0x109 control_tm1637/control_tm1637.o
 .debug_loc     0x00000109      0x2e2 ds/ds1302.o
 .debug_loc     0x000003eb       0x42 EEPROM/eeprom.o
 .debug_loc     0x0000042d      0x259 main.o
 .debug_loc     0x00000686      0x277 menu/menu.o
 .debug_loc     0x000008fd     0x1ab3 tm1637/TM1637.o

.debug_macinfo
 *(.debug_macinfo)

.debug_weaknames
 *(.debug_weaknames)

.debug_funcnames
 *(.debug_funcnames)

.debug_typenames
 *(.debug_typenames)

.debug_varnames
 *(.debug_varnames)

.debug_pubtypes
 *(.debug_pubtypes)

.debug_ranges   0x00000000      0x1e8
 *(.debug_ranges)
 .debug_ranges  0x00000000       0x20 control_tm1637/control_tm1637.o
 .debug_ranges  0x00000020       0x40 ds/ds1302.o
 .debug_ranges  0x00000060       0x18 EEPROM/eeprom.o
 .debug_ranges  0x00000078       0x30 main.o
 .debug_ranges  0x000000a8       0x40 menu/menu.o
 .debug_ranges  0x000000e8      0x100 tm1637/TM1637.o

.debug_macro
 *(.debug_macro)
OUTPUT(GccApplication1.elf elf32-avr)
LOAD linker stubs
